[debug] [2026-03-25T10:52:05.309Z] ----------------------------------------------------------------------
[debug] [2026-03-25T10:52:05.318Z] Command:       /Users/boonyanone/.nvm/versions/node/v24.2.0/bin/node /Users/boonyanone/.nvm/versions/node/v24.2.0/bin/firebase projects:list
[debug] [2026-03-25T10:52:05.318Z] CLI Version:   14.11.2
[debug] [2026-03-25T10:52:05.318Z] Platform:      darwin
[debug] [2026-03-25T10:52:05.318Z] Node Version:  v24.2.0
[debug] [2026-03-25T10:52:05.318Z] Time:          Wed Mar 25 2026 17:52:05 GMT+0700 (Indochina Time)
[debug] [2026-03-25T10:52:05.318Z] ----------------------------------------------------------------------
[debug] 
[debug] [2026-03-25T10:52:05.320Z] >>> [apiv2][query] GET https://firebase-public.firebaseio.com/cli.json [none]
[debug] [2026-03-25T10:52:05.608Z] > command requires scopes: ["email","openid","https://www.googleapis.com/auth/cloudplatformprojects.readonly","https://www.googleapis.com/auth/firebase","https://www.googleapis.com/auth/cloud-platform"]
[debug] [2026-03-25T10:52:05.608Z] > authorizing via signed-in user (boonyanone@gmail.com)
[debug] [2026-03-25T10:52:05.612Z] Checked if tokens are valid: false, expires at: 1770789862522
[debug] [2026-03-25T10:52:05.612Z] Checked if tokens are valid: false, expires at: 1770789862522
[debug] [2026-03-25T10:52:05.613Z] > refreshing access token with scopes: []
[debug] [2026-03-25T10:52:05.614Z] >>> [apiv2][query] POST https://www.googleapis.com/oauth2/v3/token [none]
[debug] [2026-03-25T10:52:05.614Z] >>> [apiv2][body] POST https://www.googleapis.com/oauth2/v3/token [omitted]
[debug] [2026-03-25T10:52:06.131Z] <<< [apiv2][status] POST https://www.googleapis.com/oauth2/v3/token 200
[debug] [2026-03-25T10:52:06.131Z] <<< [apiv2][body] POST https://www.googleapis.com/oauth2/v3/token [omitted]
[error] Authentication Error: Your credentials are no longer valid. Please run firebase login --reauth

For CI servers and headless environments, generate a new token with firebase login:ci
[debug] [2026-03-25T10:52:06.134Z] Authentication Error: Your credentials are no longer valid. Please run firebase login --reauth

For CI servers and headless environments, generate a new token with firebase login:ci
[debug] [2026-03-25T10:52:06.269Z] <<< [apiv2][status] GET https://firebase-public.firebaseio.com/cli.json 200
[debug] [2026-03-25T10:52:06.270Z] <<< [apiv2][body] GET https://firebase-public.firebaseio.com/cli.json {"cloudBuildErrorAfter":1594252800000,"cloudBuildWarnAfter":1590019200000,"defaultNode10After":1594252800000,"minVersion":"3.0.5","node8DeploysDisabledAfter":1613390400000,"node8RuntimeDisabledAfter":1615809600000,"node8WarnAfter":1600128000000}
[warn] ⚠  Unable to fetch the CLI MOTD and remote config. This is not a fatal error, but may indicate an issue with your network connection. 
[debug] [2026-03-25T10:52:06.275Z] Failed to fetch MOTD Error: EPERM: operation not permitted, open '/Users/boonyanone/.config/configstore/firebase-tools.json.2088293161'
[debug] [2026-03-25T10:52:06.310Z] FirebaseError: Authentication Error: Your credentials are no longer valid. Please run firebase login --reauth

For CI servers and headless environments, generate a new token with firebase login:ci
    at invalidCredentialError (/Users/boonyanone/.nvm/versions/node/v24.2.0/lib/node_modules/firebase-tools/lib/auth.js:167:12)
    at refreshTokens (/Users/boonyanone/.nvm/versions/node/v24.2.0/lib/node_modules/firebase-tools/lib/auth.js:556:15)
    at process.processTicksAndRejections (node:internal/process/task_queues:105:5)
    at async getAccessToken (/Users/boonyanone/.nvm/versions/node/v24.2.0/lib/node_modules/firebase-tools/lib/apiv2.js:42:18)
    at async Client.addAuthHeader (/Users/boonyanone/.nvm/versions/node/v24.2.0/lib/node_modules/firebase-tools/lib/apiv2.js:169:21)
    at async Client.request (/Users/boonyanone/.nvm/versions/node/v24.2.0/lib/node_modules/firebase-tools/lib/apiv2.js:120:34)
    at async getProjectPage (/Users/boonyanone/.nvm/versions/node/v24.2.0/lib/node_modules/firebase-tools/lib/management/projects.js:267:17)
    at async getFirebaseProjectPage (/Users/boonyanone/.nvm/versions/node/v24.2.0/lib/node_modules/firebase-tools/lib/management/projects.js:284:23)
    at async listFirebaseProjects (/Users/boonyanone/.nvm/versions/node/v24.2.0/lib/node_modules/firebase-tools/lib/management/projects.js:315:29)
    at async Command.actionFn (/Users/boonyanone/.nvm/versions/node/v24.2.0/lib/node_modules/firebase-tools/lib/commands/projects-list.js:51:20)
[error] 
[error] Error: Failed to list Firebase projects. See firebase-debug.log for more info.
[debug] [2026-03-25T10:52:06.970Z] Error: EPERM: operation not permitted, open '/Users/boonyanone/.config/configstore/firebase-tools.json.3181804000'
    at Object.openSync (node:fs:553:18)
    at writeFile.writeFileSync [as sync] (/Users/boonyanone/.nvm/versions/node/v24.2.0/lib/node_modules/firebase-tools/node_modules/write-file-atomic/index.js:205:13)
    at set all (/Users/boonyanone/.nvm/versions/node/v24.2.0/lib/node_modules/firebase-tools/node_modules/configstore/index.js:61:20)
    at Configstore.set (/Users/boonyanone/.nvm/versions/node/v24.2.0/lib/node_modules/firebase-tools/node_modules/configstore/index.js:91:12)
    at process.<anonymous> (/Users/boonyanone/.nvm/versions/node/v24.2.0/lib/node_modules/firebase-tools/lib/bin/cli.js:62:39)
    at process.emit (node:events:519:35)
    at process.processEmit [as emit] (/Users/boonyanone/.nvm/versions/node/v24.2.0/lib/node_modules/firebase-tools/node_modules/write-file-atomic/node_modules/signal-exit/index.js:191:37)
    at process.exit (node:internal/process/per_thread:236:15)
    at Timeout._onTimeout (/Users/boonyanone/.nvm/versions/node/v24.2.0/lib/node_modules/firebase-tools/lib/errorOut.js:20:17)
    at listOnTimeout (node:internal/timers:608:17)
[error] 
[error] Error: An unexpected error has occurred.
